  Determining projects to restore...
  All projects are up-to-date for restore.
  PulseWatch.Api -> D:\Code\pulsewatch\PulseWatch.Api\bin\Debug\net10.0\PulseWatch.Api.dll

Build succeeded.
    0 Warning(s)
    0 Error(s)

Time Elapsed 00:00:02.90
